[20:32:29] [ServerMain/INFO]: Environment: Environment[sessionHost=https://sessionserver.mojang.com, servicesHost=https://api.minecraftservices.com, profilesHost=https://api.mojang.com, name=PROD]
[20:32:31] [ServerMain/INFO]: Loaded 1470 recipes
[20:32:31] [ServerMain/INFO]: Loaded 1584 advancements
[20:32:31] [Server thread/INFO]: Starting minecraft server version 1.21.11
[20:32:31] [Server thread/INFO]: Loading properties
[20:32:31] [Server thread/INFO]: Default game type: SURVIVAL
[20:32:31] [Server thread/INFO]: Generating keypair
[20:32:31] [Server thread/INFO]: Starting Minecraft server on *:25565
[20:32:31] [Server thread/WARN]: **** SERVER IS RUNNING IN OFFLINE/INSECURE MODE!
[20:32:31] [Server thread/WARN]: The server will make no attempt to authenticate usernames. Beware.
[20:32:31] [Server thread/WARN]: While this makes the game possible to play without internet access, it also opens up the ability for hackers to connect with any username they choose.
[20:32:31] [Server thread/WARN]: To change this, set "online-mode" to "true" in the server.properties file.
[20:32:31] [Server thread/INFO]: Preparing level "world"
[20:32:32] [Server thread/INFO]: Loading 0 persistent chunks...
[20:32:32] [Server thread/INFO]: Preparing spawn area: 100%
[20:32:32] [Server thread/INFO]: Time elapsed: 14 ms
[20:32:32] [Server thread/INFO]: Done (0.721s)! For help, type "help"
[20:32:43] [Server thread/INFO]: LenzGOTY[/127.54.253.16:45639] logged in with entity id 60 at (539.0239553738031, 65.0, -10.550259814565417)
[20:32:44] [Server thread/INFO]: LenzGOTY joined the game
[20:33:25] [Server thread/INFO]: Fioki-alt[/127.179.18.80:55813] logged in with entity id 474 at (37.5, 66.0, -67.5)
[20:33:25] [Server thread/INFO]: Fioki-alt joined the game
[20:33:41] [Server thread/INFO]: /127.179.18.80:38407 lost connection: Timed out
[20:36:09] [Server thread/INFO]: Fioki-alt has made the advancement [Monster Hunter]
[20:36:11] [Server thread/INFO]: Fioki-alt was slain by Zombie
[20:36:56] [Server thread/INFO]: Fioki-alt was shot by Skeleton
[20:39:21] [Server thread/INFO]: Fioki-alt has made the advancement [Cover Me with Diamonds]
[20:39:38] [Server thread/INFO]: Fioki-alt has made the advancement [Suit Up]
[20:41:22] [Server thread/INFO]: Fioki-alt has made the advancement [Isn't It Iron Pick]
[20:57:00] [Server thread/WARN]: Fioki-alt moved too quickly! 7.723255873386961,0.07242780368044066,6.707278975988459
[21:00:32] [Server thread/WARN]: Mismatch in destroy block pos: is{x=-894, y=64, z=74} is{x=-891, y=62, z=-37}
[21:00:32] [Server thread/WARN]: Mismatch in destroy block pos: is{x=-891, y=62, z=-37} is{x=-891, y=62, z=-36}
[21:01:05] [Server thread/WARN]: Mismatch in destroy block pos: is{x=-871, y=62, z=-130} is{x=-870, y=62, z=-129}
[21:01:12] [Server thread/INFO]: Fioki-alt has made the advancement [Stone Age]
[21:07:52] [Server thread/WARN]: Mismatch in destroy block pos: is{x=-863, y=62, z=-115} is{x=-861, y=63, z=-94}
[21:07:52] [Server thread/WARN]: Mismatch in destroy block pos: is{x=-863, y=62, z=-115} is{x=-861, y=62, z=-95}
[21:12:38] [Server thread/WARN]: LenzGOTY moved wrongly!
[21:12:50] [Server thread/INFO]: skrolx[/127.70.107.52:41893] logged in with entity id 33026 at (-439.3570946850637, 64.875, 959.7427935644411)
[21:12:50] [Server thread/INFO]: skrolx joined the game
[21:14:08] [Server thread/WARN]: skrolx moved too quickly! -16.536617160751284,0.018144649163296833,-7.695086088327258
[21:14:09] [Server thread/WARN]: skrolx moved too quickly! -16.431205013221984,-0.9171246709673895,-7.573743392413547
[21:14:20] [Server thread/WARN]: skrolx moved too quickly! -1.5681009979823273,1.9481386556962903,-17.243016239945177
[21:14:29] [Server thread/WARN]: skrolx moved too quickly! -11.859967838052171,-10.743347659680722,7.383992658426791
[21:15:03] [Server thread/WARN]: skrolx moved too quickly! -0.15252729012399868,-3.0,9.572686005531295
[21:16:23] [Server thread/INFO]: skrolx lost connection: Disconnected
[21:16:23] [Server thread/INFO]: skrolx left the game
[21:16:29] [Server thread/INFO]: skrolx[/127.70.107.52:52999] logged in with entity id 35478 at (-2166.601205112537, 63.0, 767.7725402892733)
[21:16:29] [Server thread/INFO]: skrolx joined the game
[21:16:34] [Server thread/WARN]: skrolx moved too quickly! 4.5149249975211205,0.0,9.113665673232504
[21:20:12] [Server thread/WARN]: skrolx moved wrongly!
[21:20:14] [Server thread/WARN]: skrolx moved too quickly! 9.949030332304119,0.5930529064608834,-1.6117882662307466
[21:21:34] [Server thread/INFO]: Fioki-alt fell from a high place
[21:21:35] [Server thread/INFO]: Fioki-alt has made the advancement [Eye Spy]
[21:22:05] [Server thread/WARN]: skrolx moved too quickly! 1.9200498139052797,0.07242780368044066,10.206442934246866
[21:34:43] [Server thread/INFO]: Fioki-alt lost connection: Disconnected
[21:34:43] [Server thread/INFO]: Fioki-alt left the game
[21:38:12] [Server thread/INFO]: Fioki-alt[/127.179.18.80:48073] logged in with entity id 49385 at (-2152.2312000556526, 24.0, 788.3031072675334)
[21:38:12] [Server thread/INFO]: Fioki-alt joined the game
[21:38:16] [Server thread/INFO]: Fioki-alt lost connection: You logged in from another location
[21:38:16] [Server thread/INFO]: Fioki-alt left the game
[21:38:16] [Server thread/WARN]: handleDisconnection() called twice
[21:38:17] [Server thread/INFO]: Fioki-alt[/127.179.18.80:34979] logged in with entity id 49397 at (-2152.2312000556526, 24.0, 788.3031072675334)
[21:38:17] [Server thread/INFO]: Fioki-alt joined the game
[21:38:41] [Server thread/INFO]: Fioki-alt has made the advancement [The End?]
[21:46:51] [Server thread/WARN]: LenzGOTY moved too quickly! 7.8133691121469795,-0.49520087700591375,6.560833047681061
[21:48:36] [Server thread/INFO]: Fioki-alt has reached the goal [Sky's the Limit]
[21:56:02] [Server thread/INFO]: Fioki-alt was slain by Enderman
[21:56:40] [Server thread/INFO]: Made skrolx a server operator
[21:56:46] [Server thread/INFO]: [skrolx: Teleported Fioki-alt to skrolx]
[21:57:26] [Server thread/INFO]: skrolx was burned to a crisp while fighting LenzGOTY
[21:57:32] [Server thread/INFO]: [skrolx: Teleported skrolx to LenzGOTY]
[22:05:17] [Server thread/INFO]: Fioki-alt has made the advancement [We Need to Go Deeper]
[22:06:05] [Server thread/INFO]: [Not Secure] <LenzGOTY> en tu portal
[22:06:43] [Server thread/INFO]: Fioki-alt hit the ground too hard
[22:07:32] [Server thread/WARN]: Mismatch in destroy block pos: is{x=0, y=0, z=0} is{x=44, y=68, z=-74}
[22:07:35] [Server thread/INFO]: Fioki-alt lost connection: Disconnected
[22:07:35] [Server thread/INFO]: Fioki-alt left the game
[22:10:52] [Server thread/INFO]: LenzGOTY lost connection: Timed out
[22:10:52] [Server thread/INFO]: LenzGOTY left the game
[22:13:42] [Server thread/INFO]: [Not Secure] [Server] se me fue la luz
[22:15:56] [Server thread/INFO]: LenzGOTY[/127.54.253.16:44321] logged in with entity id 69725 at (-191.6300016984318, 51.0, 110.96694495560091)
[22:15:56] [Server thread/INFO]: LenzGOTY joined the game
[22:16:16] [Server thread/INFO]: skrolx lost connection: Disconnected
[22:16:16] [Server thread/INFO]: skrolx left the game
[22:20:08] [Server thread/INFO]: LenzGOTY lost connection: Disconnected
[22:20:08] [Server thread/INFO]: LenzGOTY left the game
[22:20:32] [Server thread/INFO]: Stopping the server
[22:20:32] [Server thread/INFO]: Stopping server
[22:20:32] [Server thread/INFO]: Saving players
[22:20:32] [Server thread/INFO]: Saving worlds
[22:20:32] [Server thread/INFO]: Saving chunks for level 'ServerLevel[world]'/minecraft:overworld
[22:20:32] [Server thread/INFO]: Saving chunks for level 'ServerLevel[world]'/minecraft:the_end
[22:20:32] [Server thread/INFO]: Saving chunks for level 'ServerLevel[world]'/minecraft:the_nether
[22:20:32] [Server thread/INFO]: ThreadedAnvilChunkStorage (world): All chunks are saved
[22:20:32] [Server thread/INFO]: ThreadedAnvilChunkStorage (DIM1): All chunks are saved
[22:20:32] [Server thread/INFO]: ThreadedAnvilChunkStorage (DIM-1): All chunks are saved
[22:20:32] [Server thread/INFO]: ThreadedAnvilChunkStorage: All dimensions are saved
